// Jest Snapshot v1, https://goo.gl/fbAQLP

exports[`getMetaRedirect allows existing leading and trailing forward slashes 1`] = `"<meta http-equiv=\\"refresh\\" content=\\"0; URL='/toPath/'\\" />"`;

exports[`getMetaRedirect handles deep paths 1`] = `"<meta http-equiv=\\"refresh\\" content=\\"0; URL='/a/b/c/d/'\\" />"`;

exports[`getMetaRedirect handles offset wrapping forward slashes 1`] = `"<meta http-equiv=\\"refresh\\" content=\\"0; URL='/a/b/c/'\\" />"`;

exports[`getMetaRedirect handles redirecting to a file 1`] = `"<meta http-equiv=\\"refresh\\" content=\\"0; URL='/test.txt'\\" />"`;

exports[`getMetaRedirect handles redirecting to a file in a folder 1`] = `"<meta http-equiv=\\"refresh\\" content=\\"0; URL='/a/b/test.txt'\\" />"`;

exports[`getMetaRedirect handles redirecting to root 1`] = `"<meta http-equiv=\\"refresh\\" content=\\"0; URL='/'\\" />"`;

exports[`getMetaRedirect leaves full urls untouched 1`] = `"<meta http-equiv=\\"refresh\\" content=\\"0; URL='http://example.com'\\" />"`;

exports[`getMetaRedirect leaves full urls untouched 2`] = `"<meta http-equiv=\\"refresh\\" content=\\"0; URL='http://example.com/'\\" />"`;

exports[`getMetaRedirect leaves full urls untouched 3`] = `"<meta http-equiv=\\"refresh\\" content=\\"0; URL='http://example.com/a/b/c'\\" />"`;

exports[`getMetaRedirect replaces duplicate slashes with single slash 1`] = `"<meta http-equiv=\\"refresh\\" content=\\"0; URL='/topath/a/'\\" />"`;

exports[`getMetaRedirect trims leading and trailing whitespace 1`] = `"<meta http-equiv=\\"refresh\\" content=\\"0; URL='/toPath/'\\" />"`;

exports[`getMetaRedirect wraps path in forward slashes 1`] = `"<meta http-equiv=\\"refresh\\" content=\\"0; URL='/toPath/'\\" />"`;
